/home/user/Sam/capability-harvest/output/_launch_smtp_debug.py:2: DeprecationWarning: The smtpd module is deprecated and unmaintained and will be removed in Python 3.12.  Please see aiosmtpd (https://aiosmtpd.readthedocs.io/) for the recommended replacement.
  import smtpd
---------- MESSAGE FOLLOWS ----------
mail options: ['SIZE=3864']
b'Content-Type: multipart/mixed; boundary="===============4120108653463118264=="'
b'MIME-Version: 1.0'
b'Subject: =?utf-8?q?Welcome_to_Monthly_Expense_Tracker_=F0=9F=92=B0?='
b'From: noreply@budgettracker.app'
b'To: harvest-proof-1789831149@example.test'
b'Date: Sat, 19 Sep 2026 15:19:09 +0000'
b'Message-ID: <178983114939.30597.494252864640892190@localhost>'
b'X-Peer: 127.0.0.1'
b''
b'--===============4120108653463118264=='
b'Content-Type: multipart/alternative;'
b' boundary="===============7488774744689731670=="'
b'MIME-Version: 1.0'
b''
b'--===============7488774744689731670=='
b'Content-Type: text/plain; charset="utf-8"'
b'MIME-Version: 1.0'
b'Content-Transfer-Encoding: 8bit'
b''
b'Welcome to Monthly Expense Tracker, harvest-proof-1789831149!'
b''
b'Your account is ready. Start tracking your expenses and taking control of your finances.'
b''
b"If you didn't create this account, please ignore this email."
b''
b'\xe2\x80\x94 The Monthly Expense Tracker Team'
b'--===============7488774744689731670=='
b'Content-Type: text/html; charset="utf-8"'
b'MIME-Version: 1.0'
b'Content-Transfer-Encoding: 8bit'
b''
b"<!DOCTYPE html><html lang='en'><head><meta charset='UTF-8'/><meta name='viewport' content='width=device-width,initial-scale=1.0'/></head><body style='margin:0;padding:0;background:#0d1117;font-family:Arial,sans-serif;'><table width='100%' cellpadding='0' cellspacing='0' style='background:#0d1117;padding:40px 20px;'><tr><td align='center'><table width='560' cellpadding='0' cellspacing='0' style='background:#161b22;border:1px solid #30363d;border-radius:12px;overflow:hidden;max-width:560px;'><tr><td style='padding:32px 40px 24px;border-bottom:1px solid #30363d;text-align:center;'><p style='margin:0 0 8px;font-size:22px;font-weight:800;color:#e6edf3;'>\xf0\x9f\x92\xb0 Monthly Expense Tracker</p><p style='margin:0;font-size:13px;color:#8b949e;'>Personal Finance Dashboard</p></td></tr><tr><td style='padding:32px 40px;'><p style='margin:0 0 16px;font-size:20px;font-weight:700;color:#e6edf3;'>Welcome aboard, harvest-proof-1789831149! \xf0\x9f\x8e\x89</p><p style='margin:0 0 16px;font-size:15px;color:#8b949e;line-height:1.7;'>Your Monthly Expense Tracker account is all set. You can now log your income, track expenses by category, visualise your spending, and export summaries to CSV \xe2\x80\x94 all in one place.</p><table cellpadding='0' cellspacing='0' width='100%' style='margin:24px 0;background:#1c2333;border:1px solid #30363d;border-radius:8px;overflow:hidden;'><tr><td style='padding:14px 20px;border-bottom:1px solid #30363d;'><span style='color:#3bdf91;font-weight:600;'>\xf0\x9f\x93\x8a</span><span style='color:#e6edf3;font-size:14px;margin-left:10px;'>Live dashboard with spending breakdown</span></td></tr><tr><td style='padding:14px 20px;border-bottom:1px solid #30363d;'><span style='color:#3bdf91;font-weight:600;'>\xf0\x9f\x97\x82\xef\xb8\x8f</span><span style='color:#e6edf3;font-size:14px;margin-left:10px;'>Category-based expense tracking</span></td></tr><tr><td style='padding:14px 20px;border-bottom:1px solid #30363d;'><span style='color:#3bdf91;font-weight:600;'>\xf0\x9f\x92\xb0</span><span style='color:#e6edf3;font-size:14px;margin-left:10px;'>Savings rate calculation</span></td></tr><tr><td style='padding:14px 20px;'><span style='color:#3bdf91;font-weight:600;'>\xf0\x9f\x93\xa5</span><span style='color:#e6edf3;font-size:14px;margin-left:10px;'>Export your data to CSV anytime</span></td></tr></table><p style='margin:24px 0 0;font-size:13px;color:#8b949e;line-height:1.6;'>If you didn't create this account, you can safely ignore this email.</p></td></tr><tr><td style='padding:20px 40px;border-top:1px solid #30363d;text-align:center;'><p style='margin:0;font-size:12px;color:#8b949e;'>\xc2\xa9 Monthly Expense Tracker - Created with \xe2\x9d\xa4\xef\xb8\x8f by <a href='https://github.com/NHasan143' style='color:#3bdf91;text-decoration:none;'>Naymul Hasan</a></p></td></tr></table></td></tr></table></body></html>"
b'--===============7488774744689731670==--'
b''
b'--===============4120108653463118264==--'
------------ END MESSAGE ------------
---------- MESSAGE FOLLOWS ----------
mail options: ['SIZE=3881']
b'Content-Type: multipart/mixed; boundary="===============7378135410654875922=="'
b'MIME-Version: 1.0'
b'Subject: =?utf-8?q?Welcome_to_Monthly_Expense_Tracker_=F0=9F=92=B0?='
b'From: noreply@budgettracker.app'
b'To: harvest-browser-1789831149909@example.test'
b'Date: Sat, 19 Sep 2026 15:19:10 +0000'
b'Message-ID: <178983115077.30597.15542980867455520364@localhost>'
b'X-Peer: 127.0.0.1'
b''
b'--===============7378135410654875922=='
b'Content-Type: multipart/alternative;'
b' boundary="===============1232184002946920593=="'
b'MIME-Version: 1.0'
b''
b'--===============1232184002946920593=='
b'Content-Type: text/plain; charset="utf-8"'
b'MIME-Version: 1.0'
b'Content-Transfer-Encoding: 8bit'
b''
b'Welcome to Monthly Expense Tracker, harvest-browser-1789831149909!'
b''
b'Your account is ready. Start tracking your expenses and taking control of your finances.'
b''
b"If you didn't create this account, please ignore this email."
b''
b'\xe2\x80\x94 The Monthly Expense Tracker Team'
b'--===============1232184002946920593=='
b'Content-Type: text/html; charset="utf-8"'
b'MIME-Version: 1.0'
b'Content-Transfer-Encoding: 8bit'
b''
b"<!DOCTYPE html><html lang='en'><head><meta charset='UTF-8'/><meta name='viewport' content='width=device-width,initial-scale=1.0'/></head><body style='margin:0;padding:0;background:#0d1117;font-family:Arial,sans-serif;'><table width='100%' cellpadding='0' cellspacing='0' style='background:#0d1117;padding:40px 20px;'><tr><td align='center'><table width='560' cellpadding='0' cellspacing='0' style='background:#161b22;border:1px solid #30363d;border-radius:12px;overflow:hidden;max-width:560px;'><tr><td style='padding:32px 40px 24px;border-bottom:1px solid #30363d;text-align:center;'><p style='margin:0 0 8px;font-size:22px;font-weight:800;color:#e6edf3;'>\xf0\x9f\x92\xb0 Monthly Expense Tracker</p><p style='margin:0;font-size:13px;color:#8b949e;'>Personal Finance Dashboard</p></td></tr><tr><td style='padding:32px 40px;'><p style='margin:0 0 16px;font-size:20px;font-weight:700;color:#e6edf3;'>Welcome aboard, harvest-browser-1789831149909! \xf0\x9f\x8e\x89</p><p style='margin:0 0 16px;font-size:15px;color:#8b949e;line-height:1.7;'>Your Monthly Expense Tracker account is all set. You can now log your income, track expenses by category, visualise your spending, and export summaries to CSV \xe2\x80\x94 all in one place.</p><table cellpadding='0' cellspacing='0' width='100%' style='margin:24px 0;background:#1c2333;border:1px solid #30363d;border-radius:8px;overflow:hidden;'><tr><td style='padding:14px 20px;border-bottom:1px solid #30363d;'><span style='color:#3bdf91;font-weight:600;'>\xf0\x9f\x93\x8a</span><span style='color:#e6edf3;font-size:14px;margin-left:10px;'>Live dashboard with spending breakdown</span></td></tr><tr><td style='padding:14px 20px;border-bottom:1px solid #30363d;'><span style='color:#3bdf91;font-weight:600;'>\xf0\x9f\x97\x82\xef\xb8\x8f</span><span style='color:#e6edf3;font-size:14px;margin-left:10px;'>Category-based expense tracking</span></td></tr><tr><td style='padding:14px 20px;border-bottom:1px solid #30363d;'><span style='color:#3bdf91;font-weight:600;'>\xf0\x9f\x92\xb0</span><span style='color:#e6edf3;font-size:14px;margin-left:10px;'>Savings rate calculation</span></td></tr><tr><td style='padding:14px 20px;'><span style='color:#3bdf91;font-weight:600;'>\xf0\x9f\x93\xa5</span><span style='color:#e6edf3;font-size:14px;margin-left:10px;'>Export your data to CSV anytime</span></td></tr></table><p style='margin:24px 0 0;font-size:13px;color:#8b949e;line-height:1.6;'>If you didn't create this account, you can safely ignore this email.</p></td></tr><tr><td style='padding:20px 40px;border-top:1px solid #30363d;text-align:center;'><p style='margin:0;font-size:12px;color:#8b949e;'>\xc2\xa9 Monthly Expense Tracker - Created with \xe2\x9d\xa4\xef\xb8\x8f by <a href='https://github.com/NHasan143' style='color:#3bdf91;text-decoration:none;'>Naymul Hasan</a></p></td></tr></table></td></tr></table></body></html>"
b'--===============1232184002946920593==--'
b''
b'--===============7378135410654875922==--'
------------ END MESSAGE ------------
